// Jest Snapshot v1, https://goo.gl/fbAQLP

exports[`ActionBar component renders correctly for instagram 1`] = `
<View
  style={
    Array [
      Object {
        "flexDirection": "row",
        "height": 30,
        "paddingBottom": 10,
        "paddingHorizontal": 7,
      },
      Object {
        "marginLeft": 3,
      },
    ]
  }
>
  <EventDetailCount
    count={1}
    eventId={undefined}
    label="Likes"
  />
  <EventDetailCount
    count={3}
    eventId={undefined}
    label="Comments"
  />
  <View
    style={
      Object {
        "bottom": 10,
        "position": "absolute",
        "right": 7,
      }
    }
  >
    <View
      accessibilityComponentType={undefined}
      accessibilityLabel={undefined}
      accessibilityTraits={undefined}
      accessible={true}
      collapsable={undefined}
      hitSlop={undefined}
      isTVSelectable={true}
      nativeID={undefined}
      onLayout={undefined}
      onResponderGrant={[Function]}
      onResponderMove={[Function]}
      onResponderRelease={[Function]}
      onResponderTerminate={[Function]}
      onResponderTerminationRequest={[Function]}
      onStartShouldSetResponder={[Function]}
      style={
        Object {
          "opacity": 1,
        }
      }
      testID={undefined}
      tvParallaxProperties={undefined}
    >
      <Image
        source={
          Object {
            "uri": "feed_rn_share_button",
          }
        }
        style={
          Array [
            Object {
              "height": 30,
              "width": 30,
            },
            Object {
              "tintColor": "rgba(255,255,255, 0.60)",
            },
          ]
        }
      />
    </View>
  </View>
</View>
`;

exports[`ActionBar component renders correctly for no social network 1`] = `null`;
