// Jest Snapshot v1, https://goo.gl/fbAQLP

exports[`ActionBar component renders correctly for facebook 1`] = `
<View
  style={
    Array [
      Object {
        "alignItems": "center",
        "flexDirection": "row",
        "height": 30,
        "marginBottom": 7,
        "paddingHorizontal": 9,
      },
    ]
  }
>
  <InstagramActionButtons
    commentsCount={3}
    eventId={undefined}
    likesCount={1}
  />
  <View
    style={
      Object {
        "bottom": 3,
        "position": "absolute",
        "right": 7,
      }
    }
  >
    <ShareButton
      message={undefined}
    />
  </View>
</View>
`;

exports[`ActionBar component renders correctly for instagram 1`] = `
<View
  style={
    Array [
      Object {
        "alignItems": "center",
        "flexDirection": "row",
        "height": 30,
        "marginBottom": 7,
        "paddingHorizontal": 9,
      },
    ]
  }
>
  <InstagramActionButtons
    commentsCount={3}
    eventId={undefined}
    likesCount={1}
  />
  <View
    style={
      Object {
        "bottom": 3,
        "position": "absolute",
        "right": 7,
      }
    }
  >
    <ShareButton
      message={undefined}
    />
  </View>
</View>
`;

exports[`ActionBar component renders correctly for no social network 1`] = `null`;

exports[`ActionBar component renders correctly for twitter 1`] = `
<View
  style={
    Array [
      Object {
        "alignItems": "center",
        "flexDirection": "row",
        "height": 30,
        "marginBottom": 7,
        "paddingHorizontal": 9,
      },
    ]
  }
>
  <InstagramActionButtons
    commentsCount={3}
    eventId={undefined}
    likesCount={1}
  />
  <View
    style={
      Object {
        "bottom": 3,
        "position": "absolute",
        "right": 7,
      }
    }
  >
    <ShareButton
      message={undefined}
    />
  </View>
</View>
`;
