// Jest Snapshot v1, https://goo.gl/fbAQLP

exports[`CommentContainer component renders correctly 1`] = `
<View
  style={
    Array [
      Object {
        "borderBottomColor": "#696A6B",
        "borderBottomWidth": 0.5,
        "overflow": "hidden",
        "width": 750,
      },
      Object {
        "borderBottomColor": "#FFFFFF4D",
      },
    ]
  }
>
  <View
    style={
      Array [
        Object {
          "flexDirection": "row",
          "paddingHorizontal": 12,
          "paddingTop": 12,
        },
      ]
    }
  >
    <Image
      source={
        Object {
          "uri": "https://scontent.cdninstagram.com/t51.2885-19/11356956_452315591560419_1118499770_a.jpg",
        }
      }
      style={
        Object {
          "height": 40,
          "width": 40,
        }
      }
    />
    <View
      style={
        Array [
          Object {
            "flexDirection": "column",
            "height": 43,
            "justifyContent": "space-between",
            "paddingLeft": 10,
            "width": 750,
          },
          false,
        ]
      }
    >
      <View
        style={undefined}
      >
        <Text
          accessible={true}
          allowFontScaling={true}
          disabled={false}
          ellipsizeMode="tail"
          numberOfLines={1}
          style={
            Array [
              Object {
                "fontSize": 14,
                "fontWeight": "600",
                "marginBottom": -2,
                "marginTop": -3,
              },
              Object {
                "color": undefined,
              },
            ]
          }
        >
          Test Name
        </Text>
        <Text
          accessible={true}
          allowFontScaling={true}
          disabled={false}
          ellipsizeMode="tail"
          numberOfLines={1}
          style={
            Array [
              Object {
                "fontSize": 10,
              },
              Object {
                "color": undefined,
              },
            ]
          }
        >
          @
          applicaster
        </Text>
      </View>
      <View
        style={undefined}
      >
        <Text
          accessible={true}
          allowFontScaling={true}
          disabled={false}
          ellipsizeMode="tail"
          style={
            Array [
              Object {
                "color": "#FFFFFF",
                "fontSize": 12,
              },
              Object {
                "color": undefined,
              },
            ]
          }
        >
          August 4
        </Text>
      </View>
    </View>
  </View>
  <Text
    accessible={true}
    allowFontScaling={true}
    disabled={false}
    ellipsizeMode="tail"
    style={
      Array [
        Object {
          "fontSize": 14,
          "lineHeight": 18,
          "paddingBottom": 12,
          "paddingHorizontal": 12,
          "paddingTop": 6,
        },
        Object {
          "color": undefined,
        },
      ]
    }
  >
    Low. Tarmac T2 , CasCam, SPC LCAs.
    Thanks 
    <Text
      accessible={true}
      allowFontScaling={true}
      disabled={false}
      ellipsizeMode="tail"
      style={
        Object {
          "color": undefined,
        }
      }
    >
      @azpinstalls
    </Text>
     for the work, parts, advice and setup.
    
    <Text
      accessible={true}
      allowFontScaling={true}
      disabled={false}
      ellipsizeMode="tail"
      style={
        Object {
          "color": undefined,
        }
      }
    >
      #brz
    </Text>
     
    <Text
      accessible={true}
      allowFontScaling={true}
      disabled={false}
      ellipsizeMode="tail"
      style={
        Object {
          "color": undefined,
        }
      }
    >
      #gt86
    </Text>
     
    <Text
      accessible={true}
      allowFontScaling={true}
      disabled={false}
      ellipsizeMode="tail"
      style={
        Object {
          "color": undefined,
        }
      }
    >
      #ft86
    </Text>
    
  </Text>
</View>
`;
