// Jest Snapshot v1, https://goo.gl/fbAQLP

exports[`CommentsScreen component renders correctly with comments 1`] = `
<View
  style={
    Array [
      Object {
        "backgroundColor": undefined,
      },
    ]
  }
>
  <RCTScrollView
    contentContainerStyle={
      Array [
        Object {
          "backgroundColor": undefined,
        },
      ]
    }
    data={
      Array [
        Object {
          "caption": "Low. Tarmac T2 , CasCam, SPC LCAs.
      Thanks @azpinstalls for the work, parts, advice and setup.
      #brz #gt86 #ft86",
          "comments": Array [],
          "commentsCount": 0,
          "createdAt": 1501886235,
          "id": "id",
          "images": Object {
            "default": Object {
              "height": 504,
              "url": "https://scontent.cdninstagram.com/t51.2885-15/s640x640/sh0.08/e35/20590092_108583273161709_7296810043293302784_n.jpg",
              "width": 640,
            },
            "high_resolution": Object {
              "height": 252,
              "url": "https://scontent.cdninstagram.com/t51.2885-15/s320x320/e35/20590092_108583273161709_7296810043293302784_n.jpg",
              "width": 320,
            },
          },
          "likesCount": 30,
          "source": "instagram",
          "type": "image",
          "user": Object {
            "avatarImageUrl": "https://scontent.cdninstagram.com/t51.2885-19/11356956_452315591560419_1118499770_a.jpg",
            "id": "220971565",
            "name": "Test Name",
            "userName": "applicaster",
          },
        },
      ]
    }
    disableVirtualization={false}
    getItem={[Function]}
    getItemCount={[Function]}
    horizontal={false}
    initialNumToRender={5}
    keyExtractor={[Function]}
    maxToRenderPerBatch={10}
    numColumns={1}
    onContentSizeChange={[Function]}
    onEndReached={[Function]}
    onEndReachedThreshold={2}
    onLayout={[Function]}
    onMomentumScrollEnd={[Function]}
    onScroll={[Function]}
    onScrollBeginDrag={[Function]}
    onScrollEndDrag={[Function]}
    renderItem={[Function]}
    scrollEventThrottle={50}
    stickyHeaderIndices={Array []}
    style={
      Array [
        Object {
          "backgroundColor": undefined,
        },
      ]
    }
    updateCellsBatchingPeriod={50}
    viewabilityConfigCallbackPairs={Array []}
    windowSize={21}
  >
    <View>
      <View
        onLayout={[Function]}
        style={null}
      >
        <EventContainer
          event={
            Object {
              "caption": "Low. Tarmac T2 , CasCam, SPC LCAs.
            Thanks @azpinstalls for the work, parts, advice and setup.
            #brz #gt86 #ft86",
              "comments": Array [],
              "commentsCount": 0,
              "createdAt": 1501886235,
              "id": "id",
              "images": Object {
                "default": Object {
                  "height": 504,
                  "url": "https://scontent.cdninstagram.com/t51.2885-15/s640x640/sh0.08/e35/20590092_108583273161709_7296810043293302784_n.jpg",
                  "width": 640,
                },
                "high_resolution": Object {
                  "height": 252,
                  "url": "https://scontent.cdninstagram.com/t51.2885-15/s320x320/e35/20590092_108583273161709_7296810043293302784_n.jpg",
                  "width": 320,
                },
              },
              "likesCount": 30,
              "source": "instagram",
              "type": "image",
              "user": Object {
                "avatarImageUrl": "https://scontent.cdninstagram.com/t51.2885-19/11356956_452315591560419_1118499770_a.jpg",
                "id": "220971565",
                "name": "Test Name",
                "userName": "applicaster",
              },
            }
          }
        />
      </View>
    </View>
  </RCTScrollView>
  <ModalScreen />
</View>
`;

exports[`CommentsScreen component renders correctly with no comments 1`] = `
<View
  style={
    Array [
      Object {
        "backgroundColor": undefined,
      },
    ]
  }
>
  <RCTScrollView
    contentContainerStyle={
      Array [
        Object {
          "backgroundColor": undefined,
        },
      ]
    }
    data={
      Array [
        Object {
          "caption": "Low. Tarmac T2 , CasCam, SPC LCAs.
      Thanks @azpinstalls for the work, parts, advice and setup.
      #brz #gt86 #ft86",
          "comments": Array [],
          "commentsCount": 0,
          "createdAt": 1501886235,
          "id": "id",
          "images": Object {
            "default": Object {
              "height": 504,
              "url": "https://scontent.cdninstagram.com/t51.2885-15/s640x640/sh0.08/e35/20590092_108583273161709_7296810043293302784_n.jpg",
              "width": 640,
            },
            "high_resolution": Object {
              "height": 252,
              "url": "https://scontent.cdninstagram.com/t51.2885-15/s320x320/e35/20590092_108583273161709_7296810043293302784_n.jpg",
              "width": 320,
            },
          },
          "likesCount": 30,
          "source": "instagram",
          "type": "image",
          "user": Object {
            "avatarImageUrl": "https://scontent.cdninstagram.com/t51.2885-19/11356956_452315591560419_1118499770_a.jpg",
            "id": "220971565",
            "name": "Test Name",
            "userName": "applicaster",
          },
        },
      ]
    }
    disableVirtualization={false}
    getItem={[Function]}
    getItemCount={[Function]}
    horizontal={false}
    initialNumToRender={5}
    keyExtractor={[Function]}
    maxToRenderPerBatch={10}
    numColumns={1}
    onContentSizeChange={[Function]}
    onEndReached={[Function]}
    onEndReachedThreshold={2}
    onLayout={[Function]}
    onMomentumScrollEnd={[Function]}
    onScroll={[Function]}
    onScrollBeginDrag={[Function]}
    onScrollEndDrag={[Function]}
    renderItem={[Function]}
    scrollEventThrottle={50}
    stickyHeaderIndices={Array []}
    style={
      Array [
        Object {
          "backgroundColor": undefined,
        },
      ]
    }
    updateCellsBatchingPeriod={50}
    viewabilityConfigCallbackPairs={Array []}
    windowSize={21}
  >
    <View>
      <View
        onLayout={[Function]}
        style={null}
      >
        <EventContainer
          event={
            Object {
              "caption": "Low. Tarmac T2 , CasCam, SPC LCAs.
            Thanks @azpinstalls for the work, parts, advice and setup.
            #brz #gt86 #ft86",
              "comments": Array [],
              "commentsCount": 0,
              "createdAt": 1501886235,
              "id": "id",
              "images": Object {
                "default": Object {
                  "height": 504,
                  "url": "https://scontent.cdninstagram.com/t51.2885-15/s640x640/sh0.08/e35/20590092_108583273161709_7296810043293302784_n.jpg",
                  "width": 640,
                },
                "high_resolution": Object {
                  "height": 252,
                  "url": "https://scontent.cdninstagram.com/t51.2885-15/s320x320/e35/20590092_108583273161709_7296810043293302784_n.jpg",
                  "width": 320,
                },
              },
              "likesCount": 30,
              "source": "instagram",
              "type": "image",
              "user": Object {
                "avatarImageUrl": "https://scontent.cdninstagram.com/t51.2885-19/11356956_452315591560419_1118499770_a.jpg",
                "id": "220971565",
                "name": "Test Name",
                "userName": "applicaster",
              },
            }
          }
        />
      </View>
    </View>
  </RCTScrollView>
  <ModalScreen />
</View>
`;
