// Jest Snapshot v1, https://goo.gl/fbAQLP

exports[`EventContainer component renders correctly with an event 1`] = `
<View
  style={
    Object {
      "borderBottomColor": "#696A6B",
      "borderBottomWidth": 1,
      "width": 750,
    }
  }
>
  <Image
    source={
      Object {
        "uri": "url",
      }
    }
    style={
      Object {
        "height": 750,
        "width": 750,
      }
    }
  />
</View>
`;
