// Jest Snapshot v1, https://goo.gl/fbAQLP

exports[`LikeButton component renders correctly 1`] = `
<View
  accessibilityComponentType={undefined}
  accessibilityLabel={undefined}
  accessibilityTraits={undefined}
  accessible={true}
  collapsable={undefined}
  hitSlop={undefined}
  isTVSelectable={true}
  nativeID={undefined}
  onLayout={undefined}
  onResponderGrant={[Function]}
  onResponderMove={[Function]}
  onResponderRelease={[Function]}
  onResponderTerminate={[Function]}
  onResponderTerminationRequest={[Function]}
  onStartShouldSetResponder={[Function]}
  style={
    Object {
      "alignItems": "center",
      "flexDirection": "row",
      "height": 30,
      "marginRight": 7,
      "opacity": 1,
    }
  }
  testID={undefined}
  tvParallaxProperties={undefined}
>
  <Image
    collapsable={undefined}
    source={
      Object {
        "uri": "feed_rn_like_button",
      }
    }
    style={
      Object {
        "height": 30,
        "marginRight": 1,
        "tintColor": "#FFFFFF",
        "transform": Array [
          Object {
            "scaleX": 1,
          },
          Object {
            "scaleY": 1,
          },
        ],
        "width": 30,
      }
    }
  />
  <Text
    accessible={true}
    allowFontScaling={true}
    ellipsizeMode="tail"
    style={
      Array [
        Object {
          "fontSize": 12,
        },
        Object {
          "color": "#FFFFFF99",
        },
      ]
    }
  >
    3
  </Text>
</View>
`;
