// Jest Snapshot v1, https://goo.gl/fbAQLP

exports[`MediaDetailsScreen component renders correctly 1`] = `
<View
  style={
    Array [
      Object {
        "alignItems": "center",
        "backgroundColor": "#323232",
        "flex": 1,
        "flexDirection": "column",
        "justifyContent": "center",
      },
      Object {
        "backgroundColor": undefined,
        "flex": 1,
      },
    ]
  }
>
  <Image
    accessibilityComponentType={undefined}
    accessibilityLabel={undefined}
    accessibilityTraits={undefined}
    accessible={true}
    hitSlop={undefined}
    nativeID={undefined}
    onLayout={undefined}
    onResponderGrant={[Function]}
    onResponderMove={[Function]}
    onResponderRelease={[Function]}
    onResponderTerminate={[Function]}
    onResponderTerminationRequest={[Function]}
    onStartShouldSetResponder={[Function]}
    source={
      Object {
        "uri": "close_button",
      }
    }
    style={
      Array [
        Object {
          "height": 25,
          "left": 10,
          "position": "absolute",
          "tintColor": "#FFFFFF",
          "top": 30,
          "width": 25,
          "zIndex": 5,
        },
        Object {
          "tintColor": "#FFFFFF99",
        },
      ]
    }
    testID={undefined}
  />
  <View
    contentAspectRatio={undefined}
    enableResistance={true}
    enableScale={true}
    enableTransform={false}
    enableTranslate={true}
    maxOverScrollDistance={20}
    maxScale={1}
    onLayout={[Function]}
    onTransformGestureReleased={undefined}
    onViewTransformed={undefined}
    style={
      Object {
        "height": 750,
        "width": 750,
      }
    }
  >
    <View
      style={
        Object {
          "flex": 1,
          "transform": Array [
            Object {
              "scale": 1,
            },
            Object {
              "translateX": 0,
            },
            Object {
              "translateY": 0,
            },
          ],
        }
      }
    >
      <Image
        capInsets={
          Object {
            "bottom": 0.1,
            "left": 0.1,
            "right": 0.1,
            "top": 0.1,
          }
        }
        enableScale={true}
        enableTransform={true}
        enableTranslate={true}
        onLoad={[Function]}
        onLoadStart={[Function]}
        resizeMode="contain"
        source={
          Object {
            "uri": undefined,
          }
        }
        style={
          Array [
            Object {
              "height": 750,
              "width": 750,
            },
            Object {
              "backgroundColor": "transparent",
            },
          ]
        }
      />
    </View>
  </View>
</View>
`;
