// Jest Snapshot v1, https://goo.gl/fbAQLP

exports[`TwitterActionButtons component renders correctly 1`] = `
<View
  style={
    Array [
      Object {
        "flexDirection": "row",
      },
    ]
  }
>
  <EventDetailCount
    count={undefined}
    eventId={undefined}
    label="Favorites"
  />
  <EventDetailCount
    count={undefined}
    eventId={undefined}
    label="Replies"
  />
  <EventDetailCount
    count={undefined}
    eventId={undefined}
    label="Retweets"
  />
</View>
`;
