// Jest Snapshot v1, https://goo.gl/fbAQLP

exports[`WritePostButton component renders correctly 1`] = `
<View
  accessibilityComponentType={undefined}
  accessibilityLabel={undefined}
  accessibilityTraits={undefined}
  accessible={true}
  collapsable={undefined}
  hitSlop={undefined}
  isTVSelectable={true}
  nativeID={undefined}
  onLayout={undefined}
  onResponderGrant={[Function]}
  onResponderMove={[Function]}
  onResponderRelease={[Function]}
  onResponderTerminate={[Function]}
  onResponderTerminationRequest={[Function]}
  onStartShouldSetResponder={[Function]}
  style={
    Object {
      "bottom": 10,
      "height": 54,
      "opacity": 1,
      "position": "absolute",
      "right": 12,
      "width": 54,
    }
  }
  testID={undefined}
  tvParallaxProperties={undefined}
>
  <Image
    collapsable={undefined}
    source={
      Object {
        "uri": "feed_rn_write_post_button",
      }
    }
    style={
      Object {
        "height": 54,
        "opacity": 0,
        "shadowColor": "#000000",
        "shadowOffset": Object {
          "height": 1,
          "width": 1,
        },
        "shadowOpacity": 0.5,
        "shadowRadius": 3,
        "tintColor": undefined,
        "transform": Array [
          Object {
            "translateY": 100,
          },
        ],
        "width": 54,
      }
    }
  />
  <Image
    collapsable={undefined}
    source={
      Object {
        "uri": "feed_rn_pencil",
      }
    }
    style={
      Object {
        "bottom": 20,
        "height": 17,
        "opacity": 0,
        "position": "absolute",
        "right": 18,
        "tintColor": undefined,
        "transform": Array [
          Object {
            "translateY": 100,
          },
        ],
        "width": 17,
      }
    }
  />
</View>
`;
