// Jest Snapshot v1, https://goo.gl/fbAQLP

exports[`WritePostScreen component renders correctly 1`] = `
<View
  style={
    Array [
      Object {
        "alignItems": "center",
        "backgroundColor": "#323232",
        "flex": 1,
        "flexDirection": "column",
        "justifyContent": "center",
      },
      Object {
        "backgroundColor": undefined,
        "flex": 1,
      },
    ]
  }
>
  <Image
    accessibilityComponentType={undefined}
    accessibilityLabel={undefined}
    accessibilityTraits={undefined}
    accessible={true}
    hitSlop={undefined}
    nativeID={undefined}
    onLayout={undefined}
    onResponderGrant={[Function]}
    onResponderMove={[Function]}
    onResponderRelease={[Function]}
    onResponderTerminate={[Function]}
    onResponderTerminationRequest={[Function]}
    onStartShouldSetResponder={[Function]}
    source={
      Object {
        "uri": "feed_rn_close_button",
      }
    }
    style={
      Array [
        Object {
          "height": 25,
          "marginLeft": 5,
          "tintColor": "#FFFFFF",
          "width": 25,
        },
        Object {
          "left": 0,
          "position": "absolute",
          "top": 30,
          "zIndex": 5,
        },
        Object {
          "tintColor": "#FFFFFF99",
        },
      ]
    }
    testID={undefined}
  />
</View>
`;
